// Jest Snapshot v1, https://goo.gl/fbAQLP

exports[`matches snapshot 1`] = `
<div
  aria-modal="true"
  role="dialog"
  style="position: fixed; top: 0px; left: 0px; right: 0px; bottom: 0px; z-index: 99999; display: flex; align-items: center; flex-direction: column; background-color: rgba(0, 0, 0, 0.5); overflow: auto;"
>
  <iframe
    aria-label="The Shielded Site"
    frameborder="0"
    height="455"
    sandbox="allow-forms allow-scripts allow-same-origin allow-popups"
    src="https://staticcdn.co.nz"
    style="max-height: 100%; opacity: 0.98;"
    width="310"
  />
</div>
`;
